128 phường/xã cần xử lý

  25 04828 Thống Nhất               MISS  [thongnhat.phutho.gov.vn]
  25 04831 Đà Bắc                   MISS  [dabac.phutho.gov.vn]
  25 04846 Đức Nhàn                 MISS  [ducnhan.phutho.gov.vn]
  25 04849 Tân Pheo                 MISS  [tanpheo.phutho.gov.vn]
  25 04873 Quy Đức                  MISS  [quyduc.phutho.gov.vn]
  25 04876 Cao Sơn                  MISS  [caoson.phutho.gov.vn]
  25 04897 Thịnh Minh               MISS  [thinhminh.phutho.gov.vn]
  25 04924 Lương Sơn                MISS  [luongson.phutho.gov.vn]
  25 04960 Liên Sơn                 MISS  [lienson.phutho.gov.vn]
  25 04978 Kim Bôi                  MISS  [kimboi.phutho.gov.vn]
  25 05014 Mường Động               MISS  [muongdong.phutho.gov.vn]
  25 05047 Cao Dương                MISS  [caoduong.phutho.gov.vn]
  25 05068 Hợp Kim                  MISS  [hopkim.phutho.gov.vn]
  25 05086 Dũng Tiến                MISS  [dungtien.phutho.gov.vn]
  25 05089 Cao Phong                MISS  [caophong.phutho.gov.vn]
  25 05092 Thung Nai                MISS  [thungnai.phutho.gov.vn]
  25 05116 Mường Thàng              MISS  [muongthang.phutho.gov.vn]
  25 05128 Tân Lạc                  MISS  [tanlac.phutho.gov.vn]
  25 05134 Mường Hoa                MISS  [muonghoa.phutho.gov.vn]
  25 05152 Vân Sơn                  MISS  [vanson.phutho.gov.vn]
  25 05158 Mường Bi                 MISS  [muongbi.phutho.gov.vn]
  25 05191 Toàn Thắng               MISS  [toanthang.phutho.gov.vn]
  25 05200 Mai Châu                 MISS  [maichau.phutho.gov.vn]
  25 05206 Tân Mai                  MISS  [tanmai.phutho.gov.vn]
  25 05212 Pà Cò                    MISS  [paco.phutho.gov.vn]
  25 05245 Bao La                   MISS  [baola.phutho.gov.vn]
  25 05251 Mai Hạ                   MISS  [maiha.phutho.gov.vn]
  25 05266 Lạc Sơn                  MISS  [lacson.phutho.gov.vn]
  25 05287 Mường Vang               MISS  [muongvang.phutho.gov.vn]
  25 05290 Nhân Nghĩa               MISS  [nhannghia.phutho.gov.vn]
  25 05293 Thượng Cốc               MISS  [thuongcoc.phutho.gov.vn]
  25 05305 Yên Phú                  MISS  [yenphu.phutho.gov.vn]
  25 05323 Quyết Thắng              MISS  [quyetthang.phutho.gov.vn]
  25 05329 Ngọc Sơn                 MISS  [ngocson.phutho.gov.vn]
  25 05347 Đại Đồng                 MISS  [daidong.phutho.gov.vn]
  25 05353 Yên Thuỷ                 MISS  [yenthuy.phutho.gov.vn]
  25 05362 Lạc Lương                MISS  [lacluong.phutho.gov.vn]
  25 05386 Yên Trị                  MISS  [yentri.phutho.gov.vn]
  25 05392 Lạc Thuỷ                 MISS  [lacthuy.phutho.gov.vn]
  25 05395 An Nghĩa                 MISS  [annghia.phutho.gov.vn]
  25 05425 An Bình                  MISS  [anbinh.phutho.gov.vn]
