
128/148 phường/xã có danh sách — tổng 3468 TDP/thôn
  04792 Tân Hoà                OK(numbered)     11
  04795 Hoà Bình               OK(numbered)     40
  04828 Thống Nhất             no-list(none)    0
  04831 Đà Bắc                 no-list(none)    0
  04846 Đức Nhàn               OK(narrative)    17
  04849 Tân Pheo               OK(narrative)    19
  04873 Quy Đức                OK(narrative)    20
  04876 Cao Sơn                OK(narrative)    17
  04891 Tiền Phong             OK(narrative)    14
  04894 Kỳ Sơn                 OK(narrative)    19
  04897 Thịnh Minh             OK(narrative)    29
  04924 Lương Sơn              OK(narrative)    8
  04960 Liên Sơn               OK(narrative)    44
  04978 Kim Bôi                OK(narrative)    37
  04990 Nật Sơn                OK(narrative)    39
  05014 Mường Động             OK(narrative)    34
  05047 Cao Dương              OK(narrative)    48
  05068 Hợp Kim                OK(narrative)    23
  05086 Dũng Tiến              OK(narrative)    23
  05089 Cao Phong              OK(narrative)    13
  05092 Thung Nai              OK(narrative)    20
  05116 Mường Thàng            OK(narrative)    37
  05128 Tân Lạc                OK(narrative)    66
  05134 Mường Hoa              OK(narrative)    15
  05152 Vân Sơn                OK(narrative)    26
  05158 Mường Bi               OK(narrative)    29
  05191 Toàn Thắng             OK(narrative)    22
  05200 Mai Châu               no-list(none)    0
  05206 Tân Mai                OK(narrative)    21
  05212 Pà Cò                  OK(narrative)    18
  05245 Bao La                 OK(narrative)    24
  05251 Mai Hạ                 OK(narrative)    16
  05266 Lạc Sơn                no-list(none)    0
  05287 Mường Vang             OK(narrative)    34
  05290 Nhân Nghĩa             no-list(none)    0
  05293 Thượng Cốc             OK(narrative)    28
  05305 Yên Phú                OK(narrative!old) 27
  05323 Quyết Thắng            OK(narrative)    38
  05329 Ngọc Sơn               no-list(none)    0
  05347 Đại Đồng               no-list(none)    0
  05353 Yên Thuỷ               OK(narrative)    10
  05362 Lạc Lương              OK(narrative!old) 35
  05386 Yên Trị                OK(narrative)    21
  05392 Lạc Thuỷ               OK(narrative)    30
  05395 An Nghĩa               OK(narrative)    35
  05425 An Bình                OK(narrative)    37
  07894 Nông Trang             OK(narrative)    22
  07900 Việt Trì               OK(narrative)    29
  07909 Thanh Miếu             OK(narrative)    39
  07918 Vân Phú                OK(narrative)    22
  07942 Phú Thọ                OK(narrative)    9
  07948 Âu Cơ                  OK(narrative)    13
  07954 Phong Châu             OK(narrative)    10
  07969 Đoan Hùng              OK(narrative!old) 28
  07996 Bằng Luân              no-list(none)    0
  07999 Chí Đám                OK(narrative)    39
  08023 Tây Cốc                OK(narrative)    29
  08038 Chân Mộng              OK(narrative)    67
  08053 Hạ Hoà                 OK(narrative)    28
  08071 Đan Thượng             no-list(none)    0
  08110 Hiền Lương             no-list(none)    0
  08113 Yên Kỳ                 OK(narrative)    27
  08134 Văn Lang               no-list(none)    0
  08143 Vĩnh Chân              OK(narrative)    2
  08152 Thanh Ba               OK(narrative)    49
  08173 Quảng Yên              OK(narrative)    31
  08203 Hoàng Cương            OK(narrative)    42
  08209 Đông Thành             OK(narrative)    40
  08218 Chí Tiên               OK(narrative)    24
  08227 Liên Minh              OK(narrative)    18
  08230 Phù Ninh               OK(narrative!old) 12
  08236 Phú Mỹ                 no-list(none)    0
  08245 Trạm Thản              no-list(none)    0
  08254 Dân Chủ                no-list(none)    0
  08275 Bình Phú               OK(narrative)    13
  08290 Yên Lập                OK(narrative!old) 40
  08296 Sơn Lương              OK(narrative)    34
  08305 Xuân Viên              OK(narrative)    18
  08311 Trung Sơn              OK(narrative)    15
  08323 Thượng Long            OK(narrative!old) 28
  08338 Minh Hoà               OK(narrative)    20
  08341 Cẩm Khê                OK(narrative)    3
  08344 Tiên Lương             OK(narrative!old) 51
  08377 Vân Bán                OK(narrative)    27
  08398 Phú Khê                OK(narrative)    34
  08416 Hùng Việt              OK(narrative)    5
  08431 Đồng Lương             OK(narrative!old) 32
  08434 Tam Nông               OK(narrative)    34
  08443 Hiền Quan              no-list(none)    0
  08467 Vạn Xuân               no-list(none)    0
  08479 Thọ Văn                no-list(none)    0
  08494 Lâm Thao               OK(narrative!old) 8
  08500 Xuân Lũng              no-list(none)    0
  08515 Hy Cương               OK(narrative)    23
  08521 Phùng Nguyên           OK(narrative!old) 9
  08527 Bản Nguyên             OK(narrative)    20
  08542 Thanh Sơn              no-list(none)    0
  08545 Thu Cúc                OK(narrative)    17
  08560 Lai Đồng               OK(narrative)    28
  08566 Tân Sơn                OK(narrative)    25
  08584 Võ Miếu                OK(narrative)    42
  08590 Xuân Đài               OK(narrative)    26
  08593 Minh Đài               OK(narrative)    40
  08611 Văn Miếu               OK(narrative)    31
  08614 Cự Đồng                OK(narrative)    16
  08620 Long Cốc               OK(narrative)    20
  08632 Hương Cần              OK(narrative)    27
  08635 Khả Cửu                OK(narrative)    35
  08656 Yên Sơn                OK(narrative)    29
  08662 Đào Xá                 no-list(none)    0
  08674 Thanh Thuỷ             OK(narrative!old) 1
  08686 Tu Vũ                  OK(narrative)    57
  08707 Vĩnh Yên               OK(narrative)    34
  08716 Vĩnh Phúc              OK(narrative)    41
  08740 Phúc Yên               OK(narrative)    25
  08746 Xuân Hoà               OK(narrative)    23
  08761 Lập Thạch              OK(narrative)    45
  08770 Hợp Lý                 OK(narrative)    28
  08773 Yên Lãng               OK(narrative)    21
  08782 Hải Lựu                OK(narrative!old) 37
  08788 Thái Hoà               OK(narrative)    29
  08812 Liên Hoà               OK(narrative)    21
  08824 Tam Sơn                OK(narrative!old) 29
  08842 Tiên Lữ                OK(narrative)    35
  08848 Sông Lô                OK(narrative)    35
  08866 Sơn Đông               OK(narrative)    42
  08869 Tam Dương              OK(narrative)    41
  08872 Tam Dương Bắc          OK(narrative)    26
  08896 Hoàng An               OK(narrative)    28
  08905 Hội Thịnh              OK(narrative)    27
  08911 Tam Đảo                OK(narrative)    41
  08914 Đạo Trù                OK(narrative)    21
  08923 Đại Đình               OK(narrative)    15
  08935 Bình Nguyên            OK(narrative)    22
  08944 Bình Tuyền             OK(narrative)    14
  08950 Bình Xuyên             OK(narrative)    32
  08971 Xuân Lãng              OK(narrative)    43
  09025 Yên Lạc                OK(narrative)    25
  09040 Tề Lỗ                  OK(narrative)    28
  09043 Tam Hồng               OK(narrative)    20
  09052 Nguyệt Đức             OK(narrative)    24
  09064 Liên Châu              OK(narrative)    29
  09076 Vĩnh Tường             OK(narrative)    27
  09079 Vĩnh An                OK(narrative!old) 16
  09100 Vĩnh Hưng              OK(narrative)    17
  09106 Vĩnh Thành             OK(narrative)    22
  09112 Thổ Tang               OK(narrative)    31
  09154 Vĩnh Phú               OK(narrative!old) 42
